bin/nalloc
bin/nodeip
bin/tbend
bin/tbprerun
bin/tbrestart
bin/tbswap
bin/tarfiles_setup
bin/node_history
bin/sshtb
bin/link_config
bin/nsgen
bin/find_perl
sbin/avail
sbin/inuse
sbin/showgraph
sbin/if2port
sbin/webcontrol
sbin/node_status
sbin/unixgroups
sbin/interswitch
sbin/grabron
sbin/stategraph
sbin/idletimes
sbin/idlemail
sbin/changeuid
sbin/update_permissions
sbin/sdisrunning
sbin/sddeploy
sbin/resetvlans
sbin/db2ns
sbin/bwconfig
sbin/savelogs.proxy
sbin/eventsys.proxy
sbin/snmpit.proxy
sbin/vlandiff
sbin/vlansync
sbin/export_tables
sbin/cvsupd.pl
sbin/import_commitlog
sbin/dhcpd_wrapper
sbin/opsreboot
sbin/deletenode
sbin/node_statewait
sbin/grabwebcams
libexec/webnodelog
libexec/webnfree
libexec/webnewwanode
libexec/webidlemail
libexec/xmlconvert
libexec/websearch
libexec/wanlinkinfo
libexec/webnscheck
libexec/webreport
libexec/webendexp
libexec/webbatchexp
libexec/webpanic
libexec/assign_wrapper
libexec/ptopgen
libexec/webnodeupdate
libexec/webdelay_config
libexec/webnodehistory
libexec/webrmgroup
libexec/webswapexp
libexec/webnodecontrol
libexec/webeventsys_control
libexec/webmkgroup
libexec/websetgroups
libexec/webmkproj
libexec/staticroutes
libexec/webnodereboot
libexec/webrmuser
libexec/webidleswap
libexec/webtarfiles_setup
libexec/webfrisbeekiller
libexec/webtbacct
libexec/webaddsfskey
libexec/webaddpubkey
libexec/webmkusercert
libexec/webcreateimage
libexec/newnode
libexec/webdeletenode
libexec/webnsgen
libexec/webvistopology
libexec/webfloormap
libexec/webxmlrpc
libexec/assign_prepass
